/data/vision/polina/users/kayhan/Data/ImagingADNI/AD+CN_Processed/DATA-AD/002_S_0816_2006-08-30/002_S_0816_2006-08-30_RAVENSmap_GM_norm_DS_p.nii.gz
/data/vision/polina/users/kayhan/Data/ImagingADNI/AD+CN_Processed/DATA-AD/002_S_0938_2006-10-05/002_S_0938_2006-10-05_RAVENSmap_GM_norm_DS_p.nii.gz
/data/vision/polina/users/kayhan/Data/ImagingADNI/AD+CN_Processed/DATA-AD/002_S_0955_2006-10-11/002_S_0955_2006-10-11_RAVENSmap_GM_norm_DS_p.nii.gz
/data/vision/polina/users/kayhan/Data/ImagingADNI/AD+CN_Processed/DATA-AD/002_S_1018_2006-11-29/002_S_1018_2006-11-29_RAVENSmap_GM_norm_DS_p.nii.gz
/data/vision/polina/users/kayhan/Data/ImagingADNI/AD+CN_Processed/DATA-AD/003_S_1059_2007-06-18/003_S_1059_2007-06-18_RAVENSmap_GM_norm_DS_p.nii.gz
/data/vision/polina/users/kayhan/Data/ImagingADNI/AD+CN_Processed/DATA-AD/003_S_1257_2007-03-01/003_S_1257_2007-03-01_RAVENSmap_GM_norm_DS_p.nii.gz
/data/vision/polina/users/kayhan/Data/ImagingADNI/AD+CN_Processed/DATA-AD/005_S_0221_2006-02-22/005_S_0221_2006-02-22_RAVENSmap_GM_norm_DS_p.nii.gz
/data/vision/polina/users/kayhan/Data/ImagingADNI/AD+CN_Processed/DATA-AD/005_S_0929_2006-10-02/005_S_0929_2006-10-02_RAVENSmap_GM_norm_DS_p.nii.gz
/data/vision/polina/users/kayhan/Data/ImagingADNI/AD+CN_Processed/DATA-AD/005_S_1341_2007-03-07/005_S_1341_2007-03-07_RAVENSmap_GM_norm_DS_p.nii.gz
/data/vision/polina/users/kayhan/Data/ImagingADNI/AD+CN_Processed/DATA-AD/006_S_0547_2007-03-05/006_S_0547_2007-03-05_RAVENSmap_GM_norm_DS_p.nii.gz
/data/vision/polina/users/kayhan/Data/ImagingADNI/AD+CN_Processed/DATA-AD/006_S_0653_2006-11-14/006_S_0653_2006-11-14_RAVENSmap_GM_norm_DS_p.nii.gz
/data/vision/polina/users/kayhan/Data/ImagingADNI/AD+CN_Processed/DATA-AD/007_S_0316_2007-05-07/007_S_0316_2007-05-07_RAVENSmap_GM_norm_DS_p.nii.gz
/data/vision/polina/users/kayhan/Data/ImagingADNI/AD+CN_Processed/DATA-AD/007_S_1304_2007-02-13/007_S_1304_2007-02-13_RAVENSmap_GM_norm_DS_p.nii.gz
/data/vision/polina/users/kayhan/Data/ImagingADNI/AD+CN_Processed/DATA-AD/011_S_0003_2006-03-13/011_S_0003_2006-03-13_RAVENSmap_GM_norm_DS_p.nii.gz
/data/vision/polina/users/kayhan/Data/ImagingADNI/AD+CN_Processed/DATA-AD/011_S_0010_2005-11-07/011_S_0010_2005-11-07_RAVENSmap_GM_norm_DS_p.nii.gz
/data/vision/polina/users/kayhan/Data/ImagingADNI/AD+CN_Processed/DATA-AD/011_S_0183_2007-04-03/011_S_0183_2007-04-03_RAVENSmap_GM_norm_DS_p.nii.gz
/data/vision/polina/users/kayhan/Data/ImagingADNI/AD+CN_Processed/DATA-AD/013_S_0592_2006-08-17/013_S_0592_2006-08-17_RAVENSmap_GM_norm_DS_p.nii.gz
/data/vision/polina/users/kayhan/Data/ImagingADNI/AD+CN_Processed/DATA-AD/013_S_0996_2006-11-06/013_S_0996_2006-11-06_RAVENSmap_GM_norm_DS_p.nii.gz
/data/vision/polina/users/kayhan/Data/ImagingADNI/AD+CN_Processed/DATA-AD/013_S_0996_2007-05-01/013_S_0996_2007-05-01_RAVENSmap_GM_norm_DS_p.nii.gz
/data/vision/polina/users/kayhan/Data/ImagingADNI/AD+CN_Processed/DATA-AD/013_S_1161_2006-12-20/013_S_1161_2006-12-20_RAVENSmap_GM_norm_DS_p.nii.gz
/data/vision/polina/users/kayhan/Data/ImagingADNI/AD+CN_Processed/DATA-AD/013_S_1161_2007-07-02/013_S_1161_2007-07-02_RAVENSmap_GM_norm_DS_p.nii.gz
/data/vision/polina/users/kayhan/Data/ImagingADNI/AD+CN_Processed/DATA-AD/013_S_1205_2007-01-11/013_S_1205_2007-01-11_RAVENSmap_GM_norm_DS_p.nii.gz
/data/vision/polina/users/kayhan/Data/ImagingADNI/AD+CN_Processed/DATA-AD/014_S_0356_2006-04-05/014_S_0356_2006-04-05_RAVENSmap_GM_norm_DS_p.nii.gz
/data/vision/polina/users/kayhan/Data/ImagingADNI/AD+CN_Processed/DATA-AD/014_S_1095_2006-12-03/014_S_1095_2006-12-03_RAVENSmap_GM_norm_DS_p.nii.gz
/data/vision/polina/users/kayhan/Data/ImagingADNI/AD+CN_Processed/DATA-AD/016_S_0991_2007-07-30/016_S_0991_2007-07-30_RAVENSmap_GM_norm_DS_p.nii.gz
/data/vision/polina/users/kayhan/Data/ImagingADNI/AD+CN_Processed/DATA-AD/020_S_0213_2006-03-22/020_S_0213_2006-03-22_RAVENSmap_GM_norm_DS_p.nii.gz
/data/vision/polina/users/kayhan/Data/ImagingADNI/AD+CN_Processed/DATA-AD/021_S_0753_2006-09-11/021_S_0753_2006-09-11_RAVENSmap_GM_norm_DS_p.nii.gz
/data/vision/polina/users/kayhan/Data/ImagingADNI/AD+CN_Processed/DATA-AD/022_S_0007_2005-09-13/022_S_0007_2005-09-13_RAVENSmap_GM_norm_DS_p.nii.gz
/data/vision/polina/users/kayhan/Data/ImagingADNI/AD+CN_Processed/DATA-AD/022_S_0129_2006-02-06/022_S_0129_2006-02-06_RAVENSmap_GM_norm_DS_p.nii.gz
/data/vision/polina/users/kayhan/Data/ImagingADNI/AD+CN_Processed/DATA-AD/022_S_0219_2006-03-17/022_S_0219_2006-03-17_RAVENSmap_GM_norm_DS_p.nii.gz
/data/vision/polina/users/kayhan/Data/ImagingADNI/AD+CN_Processed/DATA-AD/022_S_0543_2006-05-22/022_S_0543_2006-05-22_RAVENSmap_GM_norm_DS_p.nii.gz
/data/vision/polina/users/kayhan/Data/ImagingADNI/AD+CN_Processed/DATA-AD/023_S_0083_2005-12-14/023_S_0083_2005-12-14_RAVENSmap_GM_norm_DS_p.nii.gz
/data/vision/polina/users/kayhan/Data/ImagingADNI/AD+CN_Processed/DATA-AD/023_S_0139_2006-01-24/023_S_0139_2006-01-24_RAVENSmap_GM_norm_DS_p.nii.gz
/data/vision/polina/users/kayhan/Data/ImagingADNI/AD+CN_Processed/DATA-AD/023_S_1262_2007-02-09/023_S_1262_2007-02-09_RAVENSmap_GM_norm_DS_p.nii.gz
/data/vision/polina/users/kayhan/Data/ImagingADNI/AD+CN_Processed/DATA-AD/023_S_1289_2007-02-12/023_S_1289_2007-02-12_RAVENSmap_GM_norm_DS_p.nii.gz
/data/vision/polina/users/kayhan/Data/ImagingADNI/AD+CN_Processed/DATA-AD/024_S_1171_2007-01-04/024_S_1171_2007-01-04_RAVENSmap_GM_norm_DS_p.nii.gz
/data/vision/polina/users/kayhan/Data/ImagingADNI/AD+CN_Processed/DATA-AD/024_S_1307_2007-02-23/024_S_1307_2007-02-23_RAVENSmap_GM_norm_DS_p.nii.gz
/data/vision/polina/users/kayhan/Data/ImagingADNI/AD+CN_Processed/DATA-AD/027_S_0850_2006-09-06/027_S_0850_2006-09-06_RAVENSmap_GM_norm_DS_p.nii.gz
/data/vision/polina/users/kayhan/Data/ImagingADNI/AD+CN_Processed/DATA-AD/027_S_1082_2006-12-13/027_S_1082_2006-12-13_RAVENSmap_GM_norm_DS_p.nii.gz
/data/vision/polina/users/kayhan/Data/ImagingADNI/AD+CN_Processed/DATA-AD/027_S_1254_2007-01-31/027_S_1254_2007-01-31_RAVENSmap_GM_norm_DS_p.nii.gz
/data/vision/polina/users/kayhan/Data/ImagingADNI/AD+CN_Processed/DATA-AD/027_S_1385_2007-02-28/027_S_1385_2007-02-28_RAVENSmap_GM_norm_DS_p.nii.gz
/data/vision/polina/users/kayhan/Data/ImagingADNI/AD+CN_Processed/DATA-AD/029_S_0999_2007-09-17/029_S_0999_2007-09-17_RAVENSmap_GM_norm_DS_p.nii.gz
/data/vision/polina/users/kayhan/Data/ImagingADNI/AD+CN_Processed/DATA-AD/029_S_1056_2007-06-19/029_S_1056_2007-06-19_RAVENSmap_GM_norm_DS_p.nii.gz
/data/vision/polina/users/kayhan/Data/ImagingADNI/AD+CN_Processed/DATA-AD/031_S_1209_2007-01-31/031_S_1209_2007-01-31_RAVENSmap_GM_norm_DS_p.nii.gz
/data/vision/polina/users/kayhan/Data/ImagingADNI/AD+CN_Processed/DATA-AD/032_S_1101_2007-01-25/032_S_1101_2007-01-25_RAVENSmap_GM_norm_DS_p.nii.gz
/data/vision/polina/users/kayhan/Data/ImagingADNI/AD+CN_Processed/DATA-AD/033_S_0724_2006-07-26/033_S_0724_2006-07-26_RAVENSmap_GM_norm_DS_p.nii.gz
/data/vision/polina/users/kayhan/Data/ImagingADNI/AD+CN_Processed/DATA-AD/033_S_0733_2006-07-18/033_S_0733_2006-07-18_RAVENSmap_GM_norm_DS_p.nii.gz
/data/vision/polina/users/kayhan/Data/ImagingADNI/AD+CN_Processed/DATA-AD/033_S_0733_2007-08-10/033_S_0733_2007-08-10_RAVENSmap_GM_norm_DS_p.nii.gz
/data/vision/polina/users/kayhan/Data/ImagingADNI/AD+CN_Processed/DATA-AD/033_S_0739_2006-07-19/033_S_0739_2006-07-19_RAVENSmap_GM_norm_DS_p.nii.gz
/data/vision/polina/users/kayhan/Data/ImagingADNI/AD+CN_Processed/DATA-AD/033_S_0888_2006-09-21/033_S_0888_2006-09-21_RAVENSmap_GM_norm_DS_p.nii.gz
/data/vision/polina/users/kayhan/Data/ImagingADNI/AD+CN_Processed/DATA-AD/033_S_0889_2007-10-01/033_S_0889_2007-10-01_RAVENSmap_GM_norm_DS_p.nii.gz
/data/vision/polina/users/kayhan/Data/ImagingADNI/AD+CN_Processed/DATA-AD/033_S_1087_2006-11-20/033_S_1087_2006-11-20_RAVENSmap_GM_norm_DS_p.nii.gz
/data/vision/polina/users/kayhan/Data/ImagingADNI/AD+CN_Processed/DATA-AD/033_S_1281_2007-09-18/033_S_1281_2007-09-18_RAVENSmap_GM_norm_DS_p.nii.gz
/data/vision/polina/users/kayhan/Data/ImagingADNI/AD+CN_Processed/DATA-AD/033_S_1283_2007-02-07/033_S_1283_2007-02-07_RAVENSmap_GM_norm_DS_p.nii.gz
/data/vision/polina/users/kayhan/Data/ImagingADNI/AD+CN_Processed/DATA-AD/033_S_1285_2007-02-06/033_S_1285_2007-02-06_RAVENSmap_GM_norm_DS_p.nii.gz
/data/vision/polina/users/kayhan/Data/ImagingADNI/AD+CN_Processed/DATA-AD/033_S_1308_2007-09-10/033_S_1308_2007-09-10_RAVENSmap_GM_norm_DS_p.nii.gz
/data/vision/polina/users/kayhan/Data/ImagingADNI/AD+CN_Processed/DATA-AD/035_S_0341_2006-04-06/035_S_0341_2006-04-06_RAVENSmap_GM_norm_DS_p.nii.gz
/data/vision/polina/users/kayhan/Data/ImagingADNI/AD+CN_Processed/DATA-AD/036_S_0577_2006-05-26/036_S_0577_2006-05-26_RAVENSmap_GM_norm_DS_p.nii.gz
/data/vision/polina/users/kayhan/Data/ImagingADNI/AD+CN_Processed/DATA-AD/036_S_0759_2006-08-22/036_S_0759_2006-08-22_RAVENSmap_GM_norm_DS_p.nii.gz
/data/vision/polina/users/kayhan/Data/ImagingADNI/AD+CN_Processed/DATA-AD/036_S_0760_2006-08-25/036_S_0760_2006-08-25_RAVENSmap_GM_norm_DS_p.nii.gz
/data/vision/polina/users/kayhan/Data/ImagingADNI/AD+CN_Processed/DATA-AD/036_S_0760_2007-09-27/036_S_0760_2007-09-27_RAVENSmap_GM_norm_DS_p.nii.gz
/data/vision/polina/users/kayhan/Data/ImagingADNI/AD+CN_Processed/DATA-AD/036_S_1001_2006-11-20/036_S_1001_2006-11-20_RAVENSmap_GM_norm_DS_p.nii.gz
/data/vision/polina/users/kayhan/Data/ImagingADNI/AD+CN_Processed/DATA-AD/041_S_1368_2007-03-05/041_S_1368_2007-03-05_RAVENSmap_GM_norm_DS_p.nii.gz
/data/vision/polina/users/kayhan/Data/ImagingADNI/AD+CN_Processed/DATA-AD/041_S_1391_2007-03-29/041_S_1391_2007-03-29_RAVENSmap_GM_norm_DS_p.nii.gz
/data/vision/polina/users/kayhan/Data/ImagingADNI/AD+CN_Processed/DATA-AD/051_S_1296_2007-02-12/051_S_1296_2007-02-12_RAVENSmap_GM_norm_DS_p.nii.gz
/data/vision/polina/users/kayhan/Data/ImagingADNI/AD+CN_Processed/DATA-AD/053_S_1044_2007-06-04/053_S_1044_2007-06-04_RAVENSmap_GM_norm_DS_p.nii.gz
/data/vision/polina/users/kayhan/Data/ImagingADNI/AD+CN_Processed/DATA-AD/057_S_0474_2007-05-23/057_S_0474_2007-05-23_RAVENSmap_GM_norm_DS_p.nii.gz
/data/vision/polina/users/kayhan/Data/ImagingADNI/AD+CN_Processed/DATA-AD/057_S_1371_2007-10-03/057_S_1371_2007-10-03_RAVENSmap_GM_norm_DS_p.nii.gz
/data/vision/polina/users/kayhan/Data/ImagingADNI/AD+CN_Processed/DATA-AD/057_S_1373_2007-10-17/057_S_1373_2007-10-17_RAVENSmap_GM_norm_DS_p.nii.gz
/data/vision/polina/users/kayhan/Data/ImagingADNI/AD+CN_Processed/DATA-AD/057_S_1379_2007-03-21/057_S_1379_2007-03-21_RAVENSmap_GM_norm_DS_p.nii.gz
/data/vision/polina/users/kayhan/Data/ImagingADNI/AD+CN_Processed/DATA-AD/062_S_0535_2006-05-18/062_S_0535_2006-05-18_RAVENSmap_GM_norm_DS_p.nii.gz
/data/vision/polina/users/kayhan/Data/ImagingADNI/AD+CN_Processed/DATA-AD/062_S_0690_2006-07-18/062_S_0690_2006-07-18_RAVENSmap_GM_norm_DS_p.nii.gz
/data/vision/polina/users/kayhan/Data/ImagingADNI/AD+CN_Processed/DATA-AD/062_S_0730_2006-07-19/062_S_0730_2006-07-19_RAVENSmap_GM_norm_DS_p.nii.gz
/data/vision/polina/users/kayhan/Data/ImagingADNI/AD+CN_Processed/DATA-AD/062_S_0793_2006-08-24/062_S_0793_2006-08-24_RAVENSmap_GM_norm_DS_p.nii.gz
/data/vision/polina/users/kayhan/Data/ImagingADNI/AD+CN_Processed/DATA-AD/067_S_0020_2005-10-12/067_S_0020_2005-10-12_RAVENSmap_GM_norm_DS_p.nii.gz
/data/vision/polina/users/kayhan/Data/ImagingADNI/AD+CN_Processed/DATA-AD/067_S_0029_2005-10-14/067_S_0029_2005-10-14_RAVENSmap_GM_norm_DS_p.nii.gz
/data/vision/polina/users/kayhan/Data/ImagingADNI/AD+CN_Processed/DATA-AD/067_S_0076_2005-12-06/067_S_0076_2005-12-06_RAVENSmap_GM_norm_DS_p.nii.gz
/data/vision/polina/users/kayhan/Data/ImagingADNI/AD+CN_Processed/DATA-AD/067_S_0110_2007-03-06/067_S_0110_2007-03-06_RAVENSmap_GM_norm_DS_p.nii.gz
/data/vision/polina/users/kayhan/Data/ImagingADNI/AD+CN_Processed/DATA-AD/067_S_0812_2006-10-02/067_S_0812_2006-10-02_RAVENSmap_GM_norm_DS_p.nii.gz
/data/vision/polina/users/kayhan/Data/ImagingADNI/AD+CN_Processed/DATA-AD/067_S_0828_2006-09-05/067_S_0828_2006-09-05_RAVENSmap_GM_norm_DS_p.nii.gz
/data/vision/polina/users/kayhan/Data/ImagingADNI/AD+CN_Processed/DATA-AD/067_S_1185_2007-01-03/067_S_1185_2007-01-03_RAVENSmap_GM_norm_DS_p.nii.gz
/data/vision/polina/users/kayhan/Data/ImagingADNI/AD+CN_Processed/DATA-AD/067_S_1253_2007-03-30/067_S_1253_2007-03-30_RAVENSmap_GM_norm_DS_p.nii.gz
/data/vision/polina/users/kayhan/Data/ImagingADNI/AD+CN_Processed/DATA-AD/073_S_0565_2006-06-21/073_S_0565_2006-06-21_RAVENSmap_GM_norm_DS_p.nii.gz
/data/vision/polina/users/kayhan/Data/ImagingADNI/AD+CN_Processed/DATA-AD/073_S_1207_2007-02-15/073_S_1207_2007-02-15_RAVENSmap_GM_norm_DS_p.nii.gz
/data/vision/polina/users/kayhan/Data/ImagingADNI/AD+CN_Processed/DATA-AD/082_S_1079_2006-11-16/082_S_1079_2006-11-16_RAVENSmap_GM_norm_DS_p.nii.gz
/data/vision/polina/users/kayhan/Data/ImagingADNI/AD+CN_Processed/DATA-AD/082_S_1377_2007-09-20/082_S_1377_2007-09-20_RAVENSmap_GM_norm_DS_p.nii.gz
/data/vision/polina/users/kayhan/Data/ImagingADNI/AD+CN_Processed/DATA-AD/094_S_1090_2006-12-04/094_S_1090_2006-12-04_RAVENSmap_GM_norm_DS_p.nii.gz
/data/vision/polina/users/kayhan/Data/ImagingADNI/AD+CN_Processed/DATA-AD/094_S_1102_2006-11-24/094_S_1102_2006-11-24_RAVENSmap_GM_norm_DS_p.nii.gz
/data/vision/polina/users/kayhan/Data/ImagingADNI/AD+CN_Processed/DATA-AD/094_S_1397_2007-11-13/094_S_1397_2007-11-13_RAVENSmap_GM_norm_DS_p.nii.gz
/data/vision/polina/users/kayhan/Data/ImagingADNI/AD+CN_Processed/DATA-AD/094_S_1402_2007-05-10/094_S_1402_2007-05-10_RAVENSmap_GM_norm_DS_p.nii.gz
/data/vision/polina/users/kayhan/Data/ImagingADNI/AD+CN_Processed/DATA-AD/098_S_0149_2006-01-22/098_S_0149_2006-01-22_RAVENSmap_GM_norm_DS_p.nii.gz
/data/vision/polina/users/kayhan/Data/ImagingADNI/AD+CN_Processed/DATA-AD/099_S_0372_2007-05-15/099_S_0372_2007-05-15_RAVENSmap_GM_norm_DS_p.nii.gz
/data/vision/polina/users/kayhan/Data/ImagingADNI/AD+CN_Processed/DATA-AD/099_S_0470_2006-11-27/099_S_0470_2006-11-27_RAVENSmap_GM_norm_DS_p.nii.gz
/data/vision/polina/users/kayhan/Data/ImagingADNI/AD+CN_Processed/DATA-AD/099_S_0492_2006-05-25/099_S_0492_2006-05-25_RAVENSmap_GM_norm_DS_p.nii.gz
/data/vision/polina/users/kayhan/Data/ImagingADNI/AD+CN_Processed/DATA-AD/099_S_1144_2007-08-10/099_S_1144_2007-08-10_RAVENSmap_GM_norm_DS_p.nii.gz
/data/vision/polina/users/kayhan/Data/ImagingADNI/AD+CN_Processed/DATA-AD/109_S_1157_2007-01-03/109_S_1157_2007-01-03_RAVENSmap_GM_norm_DS_p.nii.gz
/data/vision/polina/users/kayhan/Data/ImagingADNI/AD+CN_Processed/DATA-AD/114_S_0228_2006-02-16/114_S_0228_2006-02-16_RAVENSmap_GM_norm_DS_p.nii.gz
/data/vision/polina/users/kayhan/Data/ImagingADNI/AD+CN_Processed/DATA-AD/114_S_0374_2006-04-10/114_S_0374_2006-04-10_RAVENSmap_GM_norm_DS_p.nii.gz
/data/vision/polina/users/kayhan/Data/ImagingADNI/AD+CN_Processed/DATA-AD/114_S_0979_2006-11-01/114_S_0979_2006-11-01_RAVENSmap_GM_norm_DS_p.nii.gz
/data/vision/polina/users/kayhan/Data/ImagingADNI/AD+CN_Processed/DATA-AD/116_S_0392_2006-12-04/116_S_0392_2006-12-04_RAVENSmap_GM_norm_DS_p.nii.gz
/data/vision/polina/users/kayhan/Data/ImagingADNI/AD+CN_Processed/DATA-AD/116_S_0487_2007-06-18/116_S_0487_2007-06-18_RAVENSmap_GM_norm_DS_p.nii.gz
/data/vision/polina/users/kayhan/Data/ImagingADNI/AD+CN_Processed/DATA-AD/116_S_1083_2006-12-21/116_S_1083_2006-12-21_RAVENSmap_GM_norm_DS_p.nii.gz
/data/vision/polina/users/kayhan/Data/ImagingADNI/AD+CN_Processed/DATA-AD/126_S_0606_2006-08-14/126_S_0606_2006-08-14_RAVENSmap_GM_norm_DS_p.nii.gz
/data/vision/polina/users/kayhan/Data/ImagingADNI/AD+CN_Processed/DATA-AD/126_S_0784_2007-04-12/126_S_0784_2007-04-12_RAVENSmap_GM_norm_DS_p.nii.gz
/data/vision/polina/users/kayhan/Data/ImagingADNI/AD+CN_Processed/DATA-AD/126_S_0891_2006-09-25/126_S_0891_2006-09-25_RAVENSmap_GM_norm_DS_p.nii.gz
/data/vision/polina/users/kayhan/Data/ImagingADNI/AD+CN_Processed/DATA-AD/126_S_1221_2007-08-07/126_S_1221_2007-08-07_RAVENSmap_GM_norm_DS_p.nii.gz
/data/vision/polina/users/kayhan/Data/ImagingADNI/AD+CN_Processed/DATA-AD/127_S_0431_2006-05-17/127_S_0431_2006-05-17_RAVENSmap_GM_norm_DS_p.nii.gz
/data/vision/polina/users/kayhan/Data/ImagingADNI/AD+CN_Processed/DATA-AD/127_S_0754_2006-09-05/127_S_0754_2006-09-05_RAVENSmap_GM_norm_DS_p.nii.gz
/data/vision/polina/users/kayhan/Data/ImagingADNI/AD+CN_Processed/DATA-AD/127_S_0844_2006-11-09/127_S_0844_2006-11-09_RAVENSmap_GM_norm_DS_p.nii.gz
/data/vision/polina/users/kayhan/Data/ImagingADNI/AD+CN_Processed/DATA-AD/127_S_1382_2007-03-16/127_S_1382_2007-03-16_RAVENSmap_GM_norm_DS_p.nii.gz
/data/vision/polina/users/kayhan/Data/ImagingADNI/AD+CN_Processed/DATA-AD/128_S_0167_2006-09-15/128_S_0167_2006-09-15_RAVENSmap_GM_norm_DS_p.nii.gz
/data/vision/polina/users/kayhan/Data/ImagingADNI/AD+CN_Processed/DATA-AD/128_S_0216_2007-02-22/128_S_0216_2007-02-22_RAVENSmap_GM_norm_DS_p.nii.gz
/data/vision/polina/users/kayhan/Data/ImagingADNI/AD+CN_Processed/DATA-AD/128_S_0310_2006-10-30/128_S_0310_2006-10-30_RAVENSmap_GM_norm_DS_p.nii.gz
/data/vision/polina/users/kayhan/Data/ImagingADNI/AD+CN_Processed/DATA-AD/128_S_0517_2006-12-14/128_S_0517_2006-12-14_RAVENSmap_GM_norm_DS_p.nii.gz
/data/vision/polina/users/kayhan/Data/ImagingADNI/AD+CN_Processed/DATA-AD/128_S_0528_2006-11-30/128_S_0528_2006-11-30_RAVENSmap_GM_norm_DS_p.nii.gz
/data/vision/polina/users/kayhan/Data/ImagingADNI/AD+CN_Processed/DATA-AD/128_S_0740_2007-02-07/128_S_0740_2007-02-07_RAVENSmap_GM_norm_DS_p.nii.gz
/data/vision/polina/users/kayhan/Data/ImagingADNI/AD+CN_Processed/DATA-AD/128_S_1409_2007-06-19/128_S_1409_2007-06-19_RAVENSmap_GM_norm_DS_p.nii.gz
/data/vision/polina/users/kayhan/Data/ImagingADNI/AD+CN_Processed/DATA-AD/128_S_1430_2007-09-07/128_S_1430_2007-09-07_RAVENSmap_GM_norm_DS_p.nii.gz
/data/vision/polina/users/kayhan/Data/ImagingADNI/AD+CN_Processed/DATA-AD/130_S_0956_2006-10-20/130_S_0956_2006-10-20_RAVENSmap_GM_norm_DS_p.nii.gz
/data/vision/polina/users/kayhan/Data/ImagingADNI/AD+CN_Processed/DATA-AD/130_S_1201_2007-01-15/130_S_1201_2007-01-15_RAVENSmap_GM_norm_DS_p.nii.gz
/data/vision/polina/users/kayhan/Data/ImagingADNI/AD+CN_Processed/DATA-AD/130_S_1290_2007-02-07/130_S_1290_2007-02-07_RAVENSmap_GM_norm_DS_p.nii.gz
/data/vision/polina/users/kayhan/Data/ImagingADNI/AD+CN_Processed/DATA-AD/130_S_1337_2007-03-05/130_S_1337_2007-03-05_RAVENSmap_GM_norm_DS_p.nii.gz
/data/vision/polina/users/kayhan/Data/ImagingADNI/AD+CN_Processed/DATA-AD/131_S_0457_2006-05-03/131_S_0457_2006-05-03_RAVENSmap_GM_norm_DS_p.nii.gz
/data/vision/polina/users/kayhan/Data/ImagingADNI/AD+CN_Processed/DATA-AD/131_S_0497_2006-06-07/131_S_0497_2006-06-07_RAVENSmap_GM_norm_DS_p.nii.gz
/data/vision/polina/users/kayhan/Data/ImagingADNI/AD+CN_Processed/DATA-AD/131_S_0691_2006-07-26/131_S_0691_2006-07-26_RAVENSmap_GM_norm_DS_p.nii.gz
/data/vision/polina/users/kayhan/Data/ImagingADNI/AD+CN_Processed/DATA-AD/133_S_1055_2006-11-13/133_S_1055_2006-11-13_RAVENSmap_GM_norm_DS_p.nii.gz
/data/vision/polina/users/kayhan/Data/ImagingADNI/AD+CN_Processed/DATA-AD/133_S_1170_2006-12-29/133_S_1170_2006-12-29_RAVENSmap_GM_norm_DS_p.nii.gz
/data/vision/polina/users/kayhan/Data/ImagingADNI/AD+CN_Processed/DATA-AD/136_S_0194_2007-04-02/136_S_0194_2007-04-02_RAVENSmap_GM_norm_DS_p.nii.gz
/data/vision/polina/users/kayhan/Data/ImagingADNI/AD+CN_Processed/DATA-AD/136_S_0299_2006-05-01/136_S_0299_2006-05-01_RAVENSmap_GM_norm_DS_p.nii.gz
/data/vision/polina/users/kayhan/Data/ImagingADNI/AD+CN_Processed/DATA-AD/136_S_0300_2006-05-09/136_S_0300_2006-05-09_RAVENSmap_GM_norm_DS_p.nii.gz
/data/vision/polina/users/kayhan/Data/ImagingADNI/AD+CN_Processed/DATA-AD/136_S_0426_2006-05-16/136_S_0426_2006-05-16_RAVENSmap_GM_norm_DS_p.nii.gz
/data/vision/polina/users/kayhan/Data/ImagingADNI/AD+CN_Processed/DATA-AD/141_S_0340_2006-03-27/141_S_0340_2006-03-27_RAVENSmap_GM_norm_DS_p.nii.gz
/data/vision/polina/users/kayhan/Data/ImagingADNI/AD+CN_Processed/DATA-AD/141_S_0696_2006-08-25/141_S_0696_2006-08-25_RAVENSmap_GM_norm_DS_p.nii.gz
/data/vision/polina/users/kayhan/Data/ImagingADNI/AD+CN_Processed/DATA-AD/141_S_0790_2006-09-10/141_S_0790_2006-09-10_RAVENSmap_GM_norm_DS_p.nii.gz
/data/vision/polina/users/kayhan/Data/ImagingADNI/AD+CN_Processed/DATA-AD/141_S_0852_2007-11-06/141_S_0852_2007-11-06_RAVENSmap_GM_norm_DS_p.nii.gz
/data/vision/polina/users/kayhan/Data/ImagingADNI/AD+CN_Processed/DATA-AD/141_S_0853_2006-08-27/141_S_0853_2006-08-27_RAVENSmap_GM_norm_DS_p.nii.gz
/data/vision/polina/users/kayhan/Data/ImagingADNI/AD+CN_Processed/DATA-AD/141_S_1024_2006-11-19/141_S_1024_2006-11-19_RAVENSmap_GM_norm_DS_p.nii.gz
/data/vision/polina/users/kayhan/Data/ImagingADNI/AD+CN_Processed/DATA-AD/141_S_1137_2006-12-19/141_S_1137_2006-12-19_RAVENSmap_GM_norm_DS_p.nii.gz
/data/vision/polina/users/kayhan/Data/ImagingADNI/AD+CN_Processed/DATA-AD/141_S_1152_2006-12-26/141_S_1152_2006-12-26_RAVENSmap_GM_norm_DS_p.nii.gz
/data/vision/polina/users/kayhan/Data/ImagingADNI/AD+CN_Processed/DATA-CN/002_S_0295_2006-04-18/002_S_0295_2006-04-18_RAVENSmap_GM_norm_DS_p.nii.gz
/data/vision/polina/users/kayhan/Data/ImagingADNI/AD+CN_Processed/DATA-CN/002_S_0413_2006-05-02/002_S_0413_2006-05-02_RAVENSmap_GM_norm_DS_p.nii.gz
/data/vision/polina/users/kayhan/Data/ImagingADNI/AD+CN_Processed/DATA-CN/002_S_0685_2007-08-02/002_S_0685_2007-08-02_RAVENSmap_GM_norm_DS_p.nii.gz
/data/vision/polina/users/kayhan/Data/ImagingADNI/AD+CN_Processed/DATA-CN/002_S_1261_2007-02-15/002_S_1261_2007-02-15_RAVENSmap_GM_norm_DS_p.nii.gz
/data/vision/polina/users/kayhan/Data/ImagingADNI/AD+CN_Processed/DATA-CN/002_S_1280_2007-02-13/002_S_1280_2007-02-13_RAVENSmap_GM_norm_DS_p.nii.gz
/data/vision/polina/users/kayhan/Data/ImagingADNI/AD+CN_Processed/DATA-CN/003_S_0907_2006-09-11/003_S_0907_2006-09-11_RAVENSmap_GM_norm_DS_p.nii.gz
/data/vision/polina/users/kayhan/Data/ImagingADNI/AD+CN_Processed/DATA-CN/003_S_0931_2007-04-25/003_S_0931_2007-04-25_RAVENSmap_GM_norm_DS_p.nii.gz
/data/vision/polina/users/kayhan/Data/ImagingADNI/AD+CN_Processed/DATA-CN/003_S_0981_2007-11-05/003_S_0981_2007-11-05_RAVENSmap_GM_norm_DS_p.nii.gz
/data/vision/polina/users/kayhan/Data/ImagingADNI/AD+CN_Processed/DATA-CN/003_S_1021_2007-06-27/003_S_1021_2007-06-27_RAVENSmap_GM_norm_DS_p.nii.gz
/data/vision/polina/users/kayhan/Data/ImagingADNI/AD+CN_Processed/DATA-CN/005_S_0223_2007-03-17/005_S_0223_2007-03-17_RAVENSmap_GM_norm_DS_p.nii.gz
/data/vision/polina/users/kayhan/Data/ImagingADNI/AD+CN_Processed/DATA-CN/005_S_0553_2006-06-14/005_S_0553_2006-06-14_RAVENSmap_GM_norm_DS_p.nii.gz
/data/vision/polina/users/kayhan/Data/ImagingADNI/AD+CN_Processed/DATA-CN/005_S_0602_2006-06-29/005_S_0602_2006-06-29_RAVENSmap_GM_norm_DS_p.nii.gz
/data/vision/polina/users/kayhan/Data/ImagingADNI/AD+CN_Processed/DATA-CN/005_S_0610_2006-06-21/005_S_0610_2006-06-21_RAVENSmap_GM_norm_DS_p.nii.gz
/data/vision/polina/users/kayhan/Data/ImagingADNI/AD+CN_Processed/DATA-CN/006_S_0498_2007-03-13/006_S_0498_2007-03-13_RAVENSmap_GM_norm_DS_p.nii.gz
/data/vision/polina/users/kayhan/Data/ImagingADNI/AD+CN_Processed/DATA-CN/006_S_0681_2006-08-31/006_S_0681_2006-08-31_RAVENSmap_GM_norm_DS_p.nii.gz
/data/vision/polina/users/kayhan/Data/ImagingADNI/AD+CN_Processed/DATA-CN/006_S_0731_2006-08-28/006_S_0731_2006-08-28_RAVENSmap_GM_norm_DS_p.nii.gz
/data/vision/polina/users/kayhan/Data/ImagingADNI/AD+CN_Processed/DATA-CN/007_S_0068_2006-06-20/007_S_0068_2006-06-20_RAVENSmap_GM_norm_DS_p.nii.gz
/data/vision/polina/users/kayhan/Data/ImagingADNI/AD+CN_Processed/DATA-CN/007_S_0070_2007-03-19/007_S_0070_2007-03-19_RAVENSmap_GM_norm_DS_p.nii.gz
/data/vision/polina/users/kayhan/Data/ImagingADNI/AD+CN_Processed/DATA-CN/007_S_1206_2007-01-30/007_S_1206_2007-01-30_RAVENSmap_GM_norm_DS_p.nii.gz
/data/vision/polina/users/kayhan/Data/ImagingADNI/AD+CN_Processed/DATA-CN/007_S_1222_2007-02-07/007_S_1222_2007-02-07_RAVENSmap_GM_norm_DS_p.nii.gz
/data/vision/polina/users/kayhan/Data/ImagingADNI/AD+CN_Processed/DATA-CN/011_S_0002_2005-08-26/011_S_0002_2005-08-26_RAVENSmap_GM_norm_DS_p.nii.gz
/data/vision/polina/users/kayhan/Data/ImagingADNI/AD+CN_Processed/DATA-CN/011_S_0005_2006-03-09/011_S_0005_2006-03-09_RAVENSmap_GM_norm_DS_p.nii.gz
/data/vision/polina/users/kayhan/Data/ImagingADNI/AD+CN_Processed/DATA-CN/011_S_0016_2005-09-27/011_S_0016_2005-09-27_RAVENSmap_GM_norm_DS_p.nii.gz
/data/vision/polina/users/kayhan/Data/ImagingADNI/AD+CN_Processed/DATA-CN/011_S_0016_2006-10-10/011_S_0016_2006-10-10_RAVENSmap_GM_norm_DS_p.nii.gz
/data/vision/polina/users/kayhan/Data/ImagingADNI/AD+CN_Processed/DATA-CN/011_S_0021_2005-10-10/011_S_0021_2005-10-10_RAVENSmap_GM_norm_DS_p.nii.gz
/data/vision/polina/users/kayhan/Data/ImagingADNI/AD+CN_Processed/DATA-CN/011_S_0023_2005-10-31/011_S_0023_2005-10-31_RAVENSmap_GM_norm_DS_p.nii.gz
/data/vision/polina/users/kayhan/Data/ImagingADNI/AD+CN_Processed/DATA-CN/013_S_0502_2006-07-25/013_S_0502_2006-07-25_RAVENSmap_GM_norm_DS_p.nii.gz
/data/vision/polina/users/kayhan/Data/ImagingADNI/AD+CN_Processed/DATA-CN/013_S_0575_2007-09-27/013_S_0575_2007-09-27_RAVENSmap_GM_norm_DS_p.nii.gz
/data/vision/polina/users/kayhan/Data/ImagingADNI/AD+CN_Processed/DATA-CN/013_S_1035_2006-11-02/013_S_1035_2006-11-02_RAVENSmap_GM_norm_DS_p.nii.gz
/data/vision/polina/users/kayhan/Data/ImagingADNI/AD+CN_Processed/DATA-CN/013_S_1276_2007-03-05/013_S_1276_2007-03-05_RAVENSmap_GM_norm_DS_p.nii.gz
/data/vision/polina/users/kayhan/Data/ImagingADNI/AD+CN_Processed/DATA-CN/014_S_0519_2006-05-12/014_S_0519_2006-05-12_RAVENSmap_GM_norm_DS_p.nii.gz
/data/vision/polina/users/kayhan/Data/ImagingADNI/AD+CN_Processed/DATA-CN/014_S_0548_2006-05-25/014_S_0548_2006-05-25_RAVENSmap_GM_norm_DS_p.nii.gz
/data/vision/polina/users/kayhan/Data/ImagingADNI/AD+CN_Processed/DATA-CN/014_S_0558_2006-06-21/014_S_0558_2006-06-21_RAVENSmap_GM_norm_DS_p.nii.gz
/data/vision/polina/users/kayhan/Data/ImagingADNI/AD+CN_Processed/DATA-CN/016_S_0359_2006-04-06/016_S_0359_2006-04-06_RAVENSmap_GM_norm_DS_p.nii.gz
/data/vision/polina/users/kayhan/Data/ImagingADNI/AD+CN_Processed/DATA-CN/016_S_0538_2006-08-02/016_S_0538_2006-08-02_RAVENSmap_GM_norm_DS_p.nii.gz
/data/vision/polina/users/kayhan/Data/ImagingADNI/AD+CN_Processed/DATA-CN/020_S_0097_2006-01-12/020_S_0097_2006-01-12_RAVENSmap_GM_norm_DS_p.nii.gz
/data/vision/polina/users/kayhan/Data/ImagingADNI/AD+CN_Processed/DATA-CN/020_S_0883_2006-09-15/020_S_0883_2006-09-15_RAVENSmap_GM_norm_DS_p.nii.gz
/data/vision/polina/users/kayhan/Data/ImagingADNI/AD+CN_Processed/DATA-CN/020_S_0899_2006-09-25/020_S_0899_2006-09-25_RAVENSmap_GM_norm_DS_p.nii.gz
/data/vision/polina/users/kayhan/Data/ImagingADNI/AD+CN_Processed/DATA-CN/020_S_1288_2007-02-21/020_S_1288_2007-02-21_RAVENSmap_GM_norm_DS_p.nii.gz
/data/vision/polina/users/kayhan/Data/ImagingADNI/AD+CN_Processed/DATA-CN/022_S_0014_2005-09-29/022_S_0014_2005-09-29_RAVENSmap_GM_norm_DS_p.nii.gz
/data/vision/polina/users/kayhan/Data/ImagingADNI/AD+CN_Processed/DATA-CN/022_S_0066_2005-11-23/022_S_0066_2005-11-23_RAVENSmap_GM_norm_DS_p.nii.gz
/data/vision/polina/users/kayhan/Data/ImagingADNI/AD+CN_Processed/DATA-CN/022_S_0096_2006-01-18/022_S_0096_2006-01-18_RAVENSmap_GM_norm_DS_p.nii.gz
/data/vision/polina/users/kayhan/Data/ImagingADNI/AD+CN_Processed/DATA-CN/022_S_0096_2006-08-31/022_S_0096_2006-08-31_RAVENSmap_GM_norm_DS_p.nii.gz
/data/vision/polina/users/kayhan/Data/ImagingADNI/AD+CN_Processed/DATA-CN/022_S_0130_2006-01-23/022_S_0130_2006-01-23_RAVENSmap_GM_norm_DS_p.nii.gz
/data/vision/polina/users/kayhan/Data/ImagingADNI/AD+CN_Processed/DATA-CN/023_S_0031_2005-10-12/023_S_0031_2005-10-12_RAVENSmap_GM_norm_DS_p.nii.gz
/data/vision/polina/users/kayhan/Data/ImagingADNI/AD+CN_Processed/DATA-CN/023_S_0058_2005-11-30/023_S_0058_2005-11-30_RAVENSmap_GM_norm_DS_p.nii.gz
/data/vision/polina/users/kayhan/Data/ImagingADNI/AD+CN_Processed/DATA-CN/023_S_0061_2005-12-20/023_S_0061_2005-12-20_RAVENSmap_GM_norm_DS_p.nii.gz
/data/vision/polina/users/kayhan/Data/ImagingADNI/AD+CN_Processed/DATA-CN/023_S_0081_2006-01-10/023_S_0081_2006-01-10_RAVENSmap_GM_norm_DS_p.nii.gz
/data/vision/polina/users/kayhan/Data/ImagingADNI/AD+CN_Processed/DATA-CN/023_S_0926_2006-09-27/023_S_0926_2006-09-27_RAVENSmap_GM_norm_DS_p.nii.gz
/data/vision/polina/users/kayhan/Data/ImagingADNI/AD+CN_Processed/DATA-CN/023_S_0963_2006-10-04/023_S_0963_2006-10-04_RAVENSmap_GM_norm_DS_p.nii.gz
/data/vision/polina/users/kayhan/Data/ImagingADNI/AD+CN_Processed/DATA-CN/023_S_1190_2007-01-08/023_S_1190_2007-01-08_RAVENSmap_GM_norm_DS_p.nii.gz
/data/vision/polina/users/kayhan/Data/ImagingADNI/AD+CN_Processed/DATA-CN/023_S_1306_2007-02-16/023_S_1306_2007-02-16_RAVENSmap_GM_norm_DS_p.nii.gz
/data/vision/polina/users/kayhan/Data/ImagingADNI/AD+CN_Processed/DATA-CN/024_S_0985_2007-05-04/024_S_0985_2007-05-04_RAVENSmap_GM_norm_DS_p.nii.gz
/data/vision/polina/users/kayhan/Data/ImagingADNI/AD+CN_Processed/DATA-CN/024_S_1063_2007-05-21/024_S_1063_2007-05-21_RAVENSmap_GM_norm_DS_p.nii.gz
/data/vision/polina/users/kayhan/Data/ImagingADNI/AD+CN_Processed/DATA-CN/027_S_0074_2005-12-09/027_S_0074_2005-12-09_RAVENSmap_GM_norm_DS_p.nii.gz
/data/vision/polina/users/kayhan/Data/ImagingADNI/AD+CN_Processed/DATA-CN/027_S_0118_2006-02-24/027_S_0118_2006-02-24_RAVENSmap_GM_norm_DS_p.nii.gz
/data/vision/polina/users/kayhan/Data/ImagingADNI/AD+CN_Processed/DATA-CN/027_S_0120_2006-02-06/027_S_0120_2006-02-06_RAVENSmap_GM_norm_DS_p.nii.gz
/data/vision/polina/users/kayhan/Data/ImagingADNI/AD+CN_Processed/DATA-CN/027_S_0403_2007-05-14/027_S_0403_2007-05-14_RAVENSmap_GM_norm_DS_p.nii.gz
/data/vision/polina/users/kayhan/Data/ImagingADNI/AD+CN_Processed/DATA-CN/029_S_0824_2006-08-22/029_S_0824_2006-08-22_RAVENSmap_GM_norm_DS_p.nii.gz
/data/vision/polina/users/kayhan/Data/ImagingADNI/AD+CN_Processed/DATA-CN/029_S_0843_2006-09-13/029_S_0843_2006-09-13_RAVENSmap_GM_norm_DS_p.nii.gz
/data/vision/polina/users/kayhan/Data/ImagingADNI/AD+CN_Processed/DATA-CN/029_S_0845_2006-09-12/029_S_0845_2006-09-12_RAVENSmap_GM_norm_DS_p.nii.gz
/data/vision/polina/users/kayhan/Data/ImagingADNI/AD+CN_Processed/DATA-CN/029_S_0866_2006-09-13/029_S_0866_2006-09-13_RAVENSmap_GM_norm_DS_p.nii.gz
/data/vision/polina/users/kayhan/Data/ImagingADNI/AD+CN_Processed/DATA-CN/032_S_0479_2006-11-27/032_S_0479_2006-11-27_RAVENSmap_GM_norm_DS_p.nii.gz
/data/vision/polina/users/kayhan/Data/ImagingADNI/AD+CN_Processed/DATA-CN/032_S_0677_2006-10-09/032_S_0677_2006-10-09_RAVENSmap_GM_norm_DS_p.nii.gz
/data/vision/polina/users/kayhan/Data/ImagingADNI/AD+CN_Processed/DATA-CN/032_S_1169_2008-01-17/032_S_1169_2008-01-17_RAVENSmap_GM_norm_DS_p.nii.gz
/data/vision/polina/users/kayhan/Data/ImagingADNI/AD+CN_Processed/DATA-CN/033_S_0516_2006-05-22/033_S_0516_2006-05-22_RAVENSmap_GM_norm_DS_p.nii.gz
/data/vision/polina/users/kayhan/Data/ImagingADNI/AD+CN_Processed/DATA-CN/033_S_0734_2006-07-18/033_S_0734_2006-07-18_RAVENSmap_GM_norm_DS_p.nii.gz
/data/vision/polina/users/kayhan/Data/ImagingADNI/AD+CN_Processed/DATA-CN/033_S_0741_2006-07-19/033_S_0741_2006-07-19_RAVENSmap_GM_norm_DS_p.nii.gz
/data/vision/polina/users/kayhan/Data/ImagingADNI/AD+CN_Processed/DATA-CN/033_S_0920_2007-04-27/033_S_0920_2007-04-27_RAVENSmap_GM_norm_DS_p.nii.gz
/data/vision/polina/users/kayhan/Data/ImagingADNI/AD+CN_Processed/DATA-CN/082_S_0304_2006-04-06/082_S_0304_2006-04-06_RAVENSmap_GM_norm_DS_p.nii.gz
/data/vision/polina/users/kayhan/Data/ImagingADNI/AD+CN_Processed/DATA-CN/082_S_0363_2006-03-28/082_S_0363_2006-03-28_RAVENSmap_GM_norm_DS_p.nii.gz
/data/vision/polina/users/kayhan/Data/ImagingADNI/AD+CN_Processed/DATA-CN/082_S_0640_2006-07-03/082_S_0640_2006-07-03_RAVENSmap_GM_norm_DS_p.nii.gz
/data/vision/polina/users/kayhan/Data/ImagingADNI/AD+CN_Processed/DATA-CN/082_S_0761_2006-08-07/082_S_0761_2006-08-07_RAVENSmap_GM_norm_DS_p.nii.gz
/data/vision/polina/users/kayhan/Data/ImagingADNI/AD+CN_Processed/DATA-CN/082_S_1256_2007-02-16/082_S_1256_2007-02-16_RAVENSmap_GM_norm_DS_p.nii.gz
/data/vision/polina/users/kayhan/Data/ImagingADNI/AD+CN_Processed/DATA-CN/094_S_0526_2007-02-15/094_S_0526_2007-02-15_RAVENSmap_GM_norm_DS_p.nii.gz
/data/vision/polina/users/kayhan/Data/ImagingADNI/AD+CN_Processed/DATA-CN/094_S_0692_2006-07-21/094_S_0692_2006-07-21_RAVENSmap_GM_norm_DS_p.nii.gz
/data/vision/polina/users/kayhan/Data/ImagingADNI/AD+CN_Processed/DATA-CN/094_S_0711_2006-07-10/094_S_0711_2006-07-10_RAVENSmap_GM_norm_DS_p.nii.gz
/data/vision/polina/users/kayhan/Data/ImagingADNI/AD+CN_Processed/DATA-CN/094_S_1241_2007-02-16/094_S_1241_2007-02-16_RAVENSmap_GM_norm_DS_p.nii.gz
/data/vision/polina/users/kayhan/Data/ImagingADNI/AD+CN_Processed/DATA-CN/094_S_1267_2007-03-16/094_S_1267_2007-03-16_RAVENSmap_GM_norm_DS_p.nii.gz
/data/vision/polina/users/kayhan/Data/ImagingADNI/AD+CN_Processed/DATA-CN/098_S_0171_2006-07-30/098_S_0171_2006-07-30_RAVENSmap_GM_norm_DS_p.nii.gz
/data/vision/polina/users/kayhan/Data/ImagingADNI/AD+CN_Processed/DATA-CN/098_S_0172_2006-02-26/098_S_0172_2006-02-26_RAVENSmap_GM_norm_DS_p.nii.gz
/data/vision/polina/users/kayhan/Data/ImagingADNI/AD+CN_Processed/DATA-CN/098_S_0896_2006-09-25/098_S_0896_2006-09-25_RAVENSmap_GM_norm_DS_p.nii.gz
/data/vision/polina/users/kayhan/Data/ImagingADNI/AD+CN_Processed/DATA-CN/099_S_0040_2006-05-26/099_S_0040_2006-05-26_RAVENSmap_GM_norm_DS_p.nii.gz
/data/vision/polina/users/kayhan/Data/ImagingADNI/AD+CN_Processed/DATA-CN/099_S_0090_2006-01-11/099_S_0090_2006-01-11_RAVENSmap_GM_norm_DS_p.nii.gz
/data/vision/polina/users/kayhan/Data/ImagingADNI/AD+CN_Processed/DATA-CN/099_S_0352_2006-04-07/099_S_0352_2006-04-07_RAVENSmap_GM_norm_DS_p.nii.gz
/data/vision/polina/users/kayhan/Data/ImagingADNI/AD+CN_Processed/DATA-CN/099_S_0533_2006-12-14/099_S_0533_2006-12-14_RAVENSmap_GM_norm_DS_p.nii.gz
/data/vision/polina/users/kayhan/Data/ImagingADNI/AD+CN_Processed/DATA-CN/099_S_0534_2006-11-30/099_S_0534_2006-11-30_RAVENSmap_GM_norm_DS_p.nii.gz
/data/vision/polina/users/kayhan/Data/ImagingADNI/AD+CN_Processed/DATA-CN/109_S_0840_2006-09-07/109_S_0840_2006-09-07_RAVENSmap_GM_norm_DS_p.nii.gz
/data/vision/polina/users/kayhan/Data/ImagingADNI/AD+CN_Processed/DATA-CN/109_S_0876_2006-09-19/109_S_0876_2006-09-19_RAVENSmap_GM_norm_DS_p.nii.gz
/data/vision/polina/users/kayhan/Data/ImagingADNI/AD+CN_Processed/DATA-CN/109_S_0967_2006-10-23/109_S_0967_2006-10-23_RAVENSmap_GM_norm_DS_p.nii.gz
/data/vision/polina/users/kayhan/Data/ImagingADNI/AD+CN_Processed/DATA-CN/109_S_1013_2006-11-08/109_S_1013_2006-11-08_RAVENSmap_GM_norm_DS_p.nii.gz
/data/vision/polina/users/kayhan/Data/ImagingADNI/AD+CN_Processed/DATA-CN/109_S_1014_2006-12-28/109_S_1014_2006-12-28_RAVENSmap_GM_norm_DS_p.nii.gz
/data/vision/polina/users/kayhan/Data/ImagingADNI/AD+CN_Processed/DATA-CN/114_S_0166_2006-02-10/114_S_0166_2006-02-10_RAVENSmap_GM_norm_DS_p.nii.gz
/data/vision/polina/users/kayhan/Data/ImagingADNI/AD+CN_Processed/DATA-CN/114_S_0173_2006-09-08/114_S_0173_2006-09-08_RAVENSmap_GM_norm_DS_p.nii.gz
/data/vision/polina/users/kayhan/Data/ImagingADNI/AD+CN_Processed/DATA-CN/114_S_0416_2006-11-01/114_S_0416_2006-11-01_RAVENSmap_GM_norm_DS_p.nii.gz
/data/vision/polina/users/kayhan/Data/ImagingADNI/AD+CN_Processed/DATA-CN/114_S_0601_2006-06-05/114_S_0601_2006-06-05_RAVENSmap_GM_norm_DS_p.nii.gz
/data/vision/polina/users/kayhan/Data/ImagingADNI/AD+CN_Processed/DATA-CN/116_S_0382_2006-06-13/116_S_0382_2006-06-13_RAVENSmap_GM_norm_DS_p.nii.gz
/data/vision/polina/users/kayhan/Data/ImagingADNI/AD+CN_Processed/DATA-CN/116_S_0382_2006-11-30/116_S_0382_2006-11-30_RAVENSmap_GM_norm_DS_p.nii.gz
/data/vision/polina/users/kayhan/Data/ImagingADNI/AD+CN_Processed/DATA-CN/116_S_1232_2008-01-30/116_S_1232_2008-01-30_RAVENSmap_GM_norm_DS_p.nii.gz
/data/vision/polina/users/kayhan/Data/ImagingADNI/AD+CN_Processed/DATA-CN/116_S_1249_2007-08-22/116_S_1249_2007-08-22_RAVENSmap_GM_norm_DS_p.nii.gz
/data/vision/polina/users/kayhan/Data/ImagingADNI/AD+CN_Processed/DATA-CN/126_S_0605_2006-06-15/126_S_0605_2006-06-15_RAVENSmap_GM_norm_DS_p.nii.gz
/data/vision/polina/users/kayhan/Data/ImagingADNI/AD+CN_Processed/DATA-CN/126_S_0680_2006-07-05/126_S_0680_2006-07-05_RAVENSmap_GM_norm_DS_p.nii.gz
/data/vision/polina/users/kayhan/Data/ImagingADNI/AD+CN_Processed/DATA-CN/127_S_0259_2006-03-13/127_S_0259_2006-03-13_RAVENSmap_GM_norm_DS_p.nii.gz
/data/vision/polina/users/kayhan/Data/ImagingADNI/AD+CN_Processed/DATA-CN/127_S_0260_2006-05-01/127_S_0260_2006-05-01_RAVENSmap_GM_norm_DS_p.nii.gz
/data/vision/polina/users/kayhan/Data/ImagingADNI/AD+CN_Processed/DATA-CN/127_S_0622_2006-06-13/127_S_0622_2006-06-13_RAVENSmap_GM_norm_DS_p.nii.gz
/data/vision/polina/users/kayhan/Data/ImagingADNI/AD+CN_Processed/DATA-CN/127_S_0684_2006-07-13/127_S_0684_2006-07-13_RAVENSmap_GM_norm_DS_p.nii.gz
/data/vision/polina/users/kayhan/Data/ImagingADNI/AD+CN_Processed/DATA-CN/128_S_0229_2006-10-17/128_S_0229_2006-10-17_RAVENSmap_GM_norm_DS_p.nii.gz
/data/vision/polina/users/kayhan/Data/ImagingADNI/AD+CN_Processed/DATA-CN/128_S_0230_2006-10-17/128_S_0230_2006-10-17_RAVENSmap_GM_norm_DS_p.nii.gz
/data/vision/polina/users/kayhan/Data/ImagingADNI/AD+CN_Processed/DATA-CN/128_S_0245_2006-10-10/128_S_0245_2006-10-10_RAVENSmap_GM_norm_DS_p.nii.gz
/data/vision/polina/users/kayhan/Data/ImagingADNI/AD+CN_Processed/DATA-CN/128_S_0272_2007-05-02/128_S_0272_2007-05-02_RAVENSmap_GM_norm_DS_p.nii.gz
/data/vision/polina/users/kayhan/Data/ImagingADNI/AD+CN_Processed/DATA-CN/128_S_0500_2006-11-15/128_S_0500_2006-11-15_RAVENSmap_GM_norm_DS_p.nii.gz
/data/vision/polina/users/kayhan/Data/ImagingADNI/AD+CN_Processed/DATA-CN/128_S_0522_2006-12-15/128_S_0522_2006-12-15_RAVENSmap_GM_norm_DS_p.nii.gz
/data/vision/polina/users/kayhan/Data/ImagingADNI/AD+CN_Processed/DATA-CN/128_S_0545_2006-12-13/128_S_0545_2006-12-13_RAVENSmap_GM_norm_DS_p.nii.gz
/data/vision/polina/users/kayhan/Data/ImagingADNI/AD+CN_Processed/DATA-CN/128_S_0863_2006-09-25/128_S_0863_2006-09-25_RAVENSmap_GM_norm_DS_p.nii.gz
/data/vision/polina/users/kayhan/Data/ImagingADNI/AD+CN_Processed/DATA-CN/128_S_1242_2007-02-14/128_S_1242_2007-02-14_RAVENSmap_GM_norm_DS_p.nii.gz
/data/vision/polina/users/kayhan/Data/ImagingADNI/AD+CN_Processed/DATA-CN/130_S_0232_2006-03-01/130_S_0232_2006-03-01_RAVENSmap_GM_norm_DS_p.nii.gz
/data/vision/polina/users/kayhan/Data/ImagingADNI/AD+CN_Processed/DATA-CN/130_S_0886_2006-09-29/130_S_0886_2006-09-29_RAVENSmap_GM_norm_DS_p.nii.gz
/data/vision/polina/users/kayhan/Data/ImagingADNI/AD+CN_Processed/DATA-CN/130_S_0969_2007-11-07/130_S_0969_2007-11-07_RAVENSmap_GM_norm_DS_p.nii.gz
/data/vision/polina/users/kayhan/Data/ImagingADNI/AD+CN_Processed/DATA-CN/130_S_1200_2007-08-15/130_S_1200_2007-08-15_RAVENSmap_GM_norm_DS_p.nii.gz
/data/vision/polina/users/kayhan/Data/ImagingADNI/AD+CN_Processed/DATA-CN/131_S_0123_2006-01-19/131_S_0123_2006-01-19_RAVENSmap_GM_norm_DS_p.nii.gz
/data/vision/polina/users/kayhan/Data/ImagingADNI/AD+CN_Processed/DATA-CN/131_S_0436_2006-05-17/131_S_0436_2006-05-17_RAVENSmap_GM_norm_DS_p.nii.gz
/data/vision/polina/users/kayhan/Data/ImagingADNI/AD+CN_Processed/DATA-CN/131_S_0441_2006-04-24/131_S_0441_2006-04-24_RAVENSmap_GM_norm_DS_p.nii.gz
/data/vision/polina/users/kayhan/Data/ImagingADNI/AD+CN_Processed/DATA-CN/131_S_1301_2007-02-21/131_S_1301_2007-02-21_RAVENSmap_GM_norm_DS_p.nii.gz
/data/vision/polina/users/kayhan/Data/ImagingADNI/AD+CN_Processed/DATA-CN/133_S_0433_2006-05-03/133_S_0433_2006-05-03_RAVENSmap_GM_norm_DS_p.nii.gz
/data/vision/polina/users/kayhan/Data/ImagingADNI/AD+CN_Processed/DATA-CN/133_S_0488_2006-05-09/133_S_0488_2006-05-09_RAVENSmap_GM_norm_DS_p.nii.gz
/data/vision/polina/users/kayhan/Data/ImagingADNI/AD+CN_Processed/DATA-CN/133_S_0493_2006-05-09/133_S_0493_2006-05-09_RAVENSmap_GM_norm_DS_p.nii.gz
/data/vision/polina/users/kayhan/Data/ImagingADNI/AD+CN_Processed/DATA-CN/133_S_0525_2006-05-30/133_S_0525_2006-05-30_RAVENSmap_GM_norm_DS_p.nii.gz
/data/vision/polina/users/kayhan/Data/ImagingADNI/AD+CN_Processed/DATA-CN/136_S_0086_2006-10-30/136_S_0086_2006-10-30_RAVENSmap_GM_norm_DS_p.nii.gz
/data/vision/polina/users/kayhan/Data/ImagingADNI/AD+CN_Processed/DATA-CN/136_S_0184_2006-03-06/136_S_0184_2006-03-06_RAVENSmap_GM_norm_DS_p.nii.gz
/data/vision/polina/users/kayhan/Data/ImagingADNI/AD+CN_Processed/DATA-CN/136_S_0186_2006-02-24/136_S_0186_2006-02-24_RAVENSmap_GM_norm_DS_p.nii.gz
/data/vision/polina/users/kayhan/Data/ImagingADNI/AD+CN_Processed/DATA-CN/136_S_0196_2006-04-17/136_S_0196_2006-04-17_RAVENSmap_GM_norm_DS_p.nii.gz
/data/vision/polina/users/kayhan/Data/ImagingADNI/AD+CN_Processed/DATA-CN/141_S_0717_2007-09-21/141_S_0717_2007-09-21_RAVENSmap_GM_norm_DS_p.nii.gz
/data/vision/polina/users/kayhan/Data/ImagingADNI/AD+CN_Processed/DATA-CN/141_S_0726_2006-08-27/141_S_0726_2006-08-27_RAVENSmap_GM_norm_DS_p.nii.gz
/data/vision/polina/users/kayhan/Data/ImagingADNI/AD+CN_Processed/DATA-CN/141_S_0767_2007-09-22/141_S_0767_2007-09-22_RAVENSmap_GM_norm_DS_p.nii.gz
/data/vision/polina/users/kayhan/Data/ImagingADNI/AD+CN_Processed/DATA-CN/141_S_0810_2007-05-25/141_S_0810_2007-05-25_RAVENSmap_GM_norm_DS_p.nii.gz
/data/vision/polina/users/kayhan/Data/ImagingADNI/AD+CN_Processed/DATA-CN/141_S_1094_2006-11-21/141_S_1094_2006-11-21_RAVENSmap_GM_norm_DS_p.nii.gz
/data/vision/polina/users/kayhan/Data/ImagingADNI/AD+CN_Processed/DATA-CN/941_S_1194_2007-01-20/941_S_1194_2007-01-20_RAVENSmap_GM_norm_DS_p.nii.gz
/data/vision/polina/users/kayhan/Data/ImagingADNI/AD+CN_Processed/DATA-CN/941_S_1195_2007-11-11/941_S_1195_2007-11-11_RAVENSmap_GM_norm_DS_p.nii.gz
/data/vision/polina/users/kayhan/Data/ImagingADNI/AD+CN_Processed/DATA-CN/941_S_1197_2007-01-20/941_S_1197_2007-01-20_RAVENSmap_GM_norm_DS_p.nii.gz
/data/vision/polina/users/kayhan/Data/ImagingADNI/AD+CN_Processed/DATA-CN/941_S_1202_2007-08-24/941_S_1202_2007-08-24_RAVENSmap_GM_norm_DS_p.nii.gz
/data/vision/polina/users/kayhan/Data/ImagingADNI/AD+CN_Processed/DATA-CN/941_S_1203_2007-01-29/941_S_1203_2007-01-29_RAVENSmap_GM_norm_DS_p.nii.gz
